// Jest Snapshot v1, https://goo.gl/fbAQLP

exports[`class CategoryList extends _react.Component {

  constructor(props) {
    super(props);
    this.state = { categories: [] };
  }

  addCategories(newCategory) {
    this.setState({ categories: [...this.state.categories, newCategory] });
  }

  componentWillMount() {
    let url = "https://api.gousto.co.uk/products/v2.0/categories";

    fetch(url).
    then(data => data.json()).
    then(res => res.data.forEach(element => {
      this.addCategories(element.title);
    })).
    catch(err => {
      console.log('much error===', err);
    });
  }

  renderCategories() {
    return this.state.categories.map(name =>
    _react2.default.createElement(_Category2.default, { key: name, name: name, __source: { fileName: _jsxFileName, lineNumber: 31 }, __self: this }));

  }

  render() {
    return (
      _react2.default.createElement('ul', { className: 'category-list', __source: { fileName: _jsxFileName, lineNumber: 37 }, __self: this },
        this.renderCategories()));


  }} matches the component snapshot 1`] = `
<ul
  className="category-list"
/>
`;
